// Jest Snapshot v1, https://goo.gl/fbAQLP

exports[`Pagination Pagination matches snapshot 1`] = `
<ul
  className="card"
/>
`;

exports[`PaginationItem PaginationItem matches snapshot 1`] = `
<li
  className="card"
/>
`;

exports[`PaginationLink PaginationLink matches snapshot 1`] = `
<a
  className="page-link"
/>
`;
